// Jest Snapshot v1, https://goo.gl/fbAQLP

exports[`GoogleLogin renders the Google Login 1`] = `
<WebView
  onNavigationStateChange={[Function]}
  scalesPageToFit={true}
  source={
    Object {
      "uri": "https://www.memrise.com/accounts/login/google-oauth2/",
    }
  }
  userAgent="Mozilla/5.0 (compatible; Trident/6.0; ARM; Touch)"
/>
`;
