// Jest Snapshot v1, https://goo.gl/fbAQLP

exports[`Matches snapshot 1`] = `
<Button
  onPress={[Function]}
  title="Sign in with Google"
/>
`;
